[2026-04-02T14:03:20.498+0000] {local_task_job_runner.py:123} INFO - ::group::Pre task execution logs
[2026-04-02T14:03:20.519+0000] {taskinstance.py:2612} INFO - Dependencies all met for dep_context=non-requeueable deps ti=<TaskInstance: keycloak_setup.create_realm__auth manual__2026-04-02T14:03:17.801320+00:00 [queued]>
[2026-04-02T14:03:20.529+0000] {taskinstance.py:2612} INFO - Dependencies all met for dep_context=requeueable deps ti=<TaskInstance: keycloak_setup.create_realm__auth manual__2026-04-02T14:03:17.801320+00:00 [queued]>
[2026-04-02T14:03:20.529+0000] {taskinstance.py:2865} INFO - Starting attempt 1 of 2
[2026-04-02T14:03:20.544+0000] {taskinstance.py:2888} INFO - Executing <Task(PythonOperator): create_realm__auth> on 2026-04-02 14:03:17.801320+00:00
[2026-04-02T14:03:20.554+0000] {logging_mixin.py:190} WARNING - /home/airflow/.local/lib/python3.12/site-packages/airflow/task/task_runner/standard_task_runner.py:70 DeprecationWarning: This process (pid=7116) is multi-threaded, use of fork() may lead to deadlocks in the child.
[2026-04-02T14:03:20.556+0000] {standard_task_runner.py:72} INFO - Started process 7119 to run task
[2026-04-02T14:03:20.555+0000] {standard_task_runner.py:104} INFO - Running: ['airflow', 'tasks', 'run', 'keycloak_setup', 'create_realm__auth', 'manual__2026-04-02T14:03:17.801320+00:00', '--job-id', '46', '--raw', '--subdir', 'DAGS_FOLDER/keycloak/setup_keycloak.py', '--cfg-path', '/tmp/tmp2n3s5lod']
[2026-04-02T14:03:20.558+0000] {standard_task_runner.py:105} INFO - Job 46: Subtask create_realm__auth
[2026-04-02T14:03:20.620+0000] {task_command.py:467} INFO - Running <TaskInstance: keycloak_setup.create_realm__auth manual__2026-04-02T14:03:17.801320+00:00 [running]> on host 93ccef24966a
[2026-04-02T14:03:20.727+0000] {taskinstance.py:3131} INFO - Exporting env vars: AIRFLOW_CTX_DAG_OWNER='airflow' AIRFLOW_CTX_DAG_ID='keycloak_setup' AIRFLOW_CTX_TASK_ID='create_realm__auth' AIRFLOW_CTX_EXECUTION_DATE='2026-04-02T14:03:17.801320+00:00' AIRFLOW_CTX_TRY_NUMBER='1' AIRFLOW_CTX_DAG_RUN_ID='manual__2026-04-02T14:03:17.801320+00:00'
[2026-04-02T14:03:20.729+0000] {taskinstance.py:731} INFO - ::endgroup::
[2026-04-02T14:03:20.858+0000] {crypto.py:82} WARNING - empty cryptography key - values will not be stored encrypted.
[2026-04-02T14:03:23.288+0000] {logging_mixin.py:190} INFO - Realm 'auth' created.
[2026-04-02T14:03:23.290+0000] {python.py:240} INFO - Done. Returned value was: None
[2026-04-02T14:03:23.311+0000] {taskinstance.py:340} INFO - ::group::Post task execution logs
[2026-04-02T14:03:23.312+0000] {taskinstance.py:352} INFO - Marking task as SUCCESS. dag_id=keycloak_setup, task_id=create_realm__auth, run_id=manual__2026-04-02T14:03:17.801320+00:00, execution_date=20260402T140317, start_date=20260402T140320, end_date=20260402T140323
[2026-04-02T14:03:23.348+0000] {local_task_job_runner.py:266} INFO - Task exited with return code 0
[2026-04-02T14:03:23.383+0000] {taskinstance.py:3900} INFO - 3 downstream tasks scheduled from follow-on schedule check
[2026-04-02T14:03:23.386+0000] {local_task_job_runner.py:245} INFO - ::endgroup::
