[2026-04-02T13:01:51.694+0000] {local_task_job_runner.py:123} INFO - ::group::Pre task execution logs
[2026-04-02T13:01:51.753+0000] {taskinstance.py:2612} INFO - Dependencies all met for dep_context=non-requeueable deps ti=<TaskInstance: keycloak_setup.create_client__nutrients manual__2026-04-02T13:01:44.870301+00:00 [queued]>
[2026-04-02T13:01:51.786+0000] {taskinstance.py:2612} INFO - Dependencies all met for dep_context=requeueable deps ti=<TaskInstance: keycloak_setup.create_client__nutrients manual__2026-04-02T13:01:44.870301+00:00 [queued]>
[2026-04-02T13:01:51.787+0000] {taskinstance.py:2865} INFO - Starting attempt 1 of 2
[2026-04-02T13:01:51.839+0000] {taskinstance.py:2888} INFO - Executing <Task(PythonOperator): create_client__nutrients> on 2026-04-02 13:01:44.870301+00:00
[2026-04-02T13:01:51.880+0000] {logging_mixin.py:190} WARNING - /home/airflow/.local/lib/python3.12/site-packages/airflow/task/task_runner/standard_task_runner.py:70 DeprecationWarning: This process (pid=5825) is multi-threaded, use of fork() may lead to deadlocks in the child.
[2026-04-02T13:01:51.884+0000] {standard_task_runner.py:72} INFO - Started process 5835 to run task
[2026-04-02T13:01:51.880+0000] {standard_task_runner.py:104} INFO - Running: ['airflow', 'tasks', 'run', 'keycloak_setup', 'create_client__nutrients', 'manual__2026-04-02T13:01:44.870301+00:00', '--job-id', '28', '--raw', '--subdir', 'DAGS_FOLDER/keycloak/setup_keycloak.py', '--cfg-path', '/tmp/tmpvpia6aer']
[2026-04-02T13:01:51.895+0000] {standard_task_runner.py:105} INFO - Job 28: Subtask create_client__nutrients
[2026-04-02T13:01:52.032+0000] {task_command.py:467} INFO - Running <TaskInstance: keycloak_setup.create_client__nutrients manual__2026-04-02T13:01:44.870301+00:00 [running]> on host 93ccef24966a
[2026-04-02T13:01:52.175+0000] {taskinstance.py:3131} INFO - Exporting env vars: AIRFLOW_CTX_DAG_OWNER='airflow' AIRFLOW_CTX_DAG_ID='keycloak_setup' AIRFLOW_CTX_TASK_ID='create_client__nutrients' AIRFLOW_CTX_EXECUTION_DATE='2026-04-02T13:01:44.870301+00:00' AIRFLOW_CTX_TRY_NUMBER='1' AIRFLOW_CTX_DAG_RUN_ID='manual__2026-04-02T13:01:44.870301+00:00'
[2026-04-02T13:01:52.176+0000] {taskinstance.py:731} INFO - ::endgroup::
[2026-04-02T13:01:52.272+0000] {crypto.py:82} WARNING - empty cryptography key - values will not be stored encrypted.
[2026-04-02T13:01:52.619+0000] {logging_mixin.py:190} INFO - Client 'nutrients-client' created in realm 'nutrients'.
[2026-04-02T13:01:52.619+0000] {python.py:240} INFO - Done. Returned value was: None
[2026-04-02T13:01:52.632+0000] {taskinstance.py:340} INFO - ::group::Post task execution logs
[2026-04-02T13:01:52.633+0000] {taskinstance.py:352} INFO - Marking task as SUCCESS. dag_id=keycloak_setup, task_id=create_client__nutrients, run_id=manual__2026-04-02T13:01:44.870301+00:00, execution_date=20260402T130144, start_date=20260402T130151, end_date=20260402T130152
[2026-04-02T13:01:52.674+0000] {local_task_job_runner.py:266} INFO - Task exited with return code 0
[2026-04-02T13:01:52.694+0000] {taskinstance.py:3900} INFO - 0 downstream tasks scheduled from follow-on schedule check
[2026-04-02T13:01:52.696+0000] {local_task_job_runner.py:245} INFO - ::endgroup::
