[2026-04-02T13:09:54.296+0000] {local_task_job_runner.py:123} INFO - ::group::Pre task execution logs
[2026-04-02T13:09:54.325+0000] {taskinstance.py:2612} INFO - Dependencies all met for dep_context=non-requeueable deps ti=<TaskInstance: keycloak_setup.create_client__nutrients manual__2026-04-02T13:09:47.440193+00:00 [queued]>
[2026-04-02T13:09:54.342+0000] {taskinstance.py:2612} INFO - Dependencies all met for dep_context=requeueable deps ti=<TaskInstance: keycloak_setup.create_client__nutrients manual__2026-04-02T13:09:47.440193+00:00 [queued]>
[2026-04-02T13:09:54.343+0000] {taskinstance.py:2865} INFO - Starting attempt 1 of 2
[2026-04-02T13:09:54.367+0000] {taskinstance.py:2888} INFO - Executing <Task(PythonOperator): create_client__nutrients> on 2026-04-02 13:09:47.440193+00:00
[2026-04-02T13:09:54.383+0000] {standard_task_runner.py:104} INFO - Running: ['airflow', 'tasks', 'run', 'keycloak_setup', 'create_client__nutrients', 'manual__2026-04-02T13:09:47.440193+00:00', '--job-id', '37', '--raw', '--subdir', 'DAGS_FOLDER/keycloak/setup_keycloak.py', '--cfg-path', '/tmp/tmph3nj8s4_']
[2026-04-02T13:09:54.388+0000] {standard_task_runner.py:105} INFO - Job 37: Subtask create_client__nutrients
[2026-04-02T13:09:54.390+0000] {logging_mixin.py:190} WARNING - /home/airflow/.local/lib/python3.12/site-packages/airflow/task/task_runner/standard_task_runner.py:70 DeprecationWarning: This process (pid=6017) is multi-threaded, use of fork() may lead to deadlocks in the child.
[2026-04-02T13:09:54.391+0000] {standard_task_runner.py:72} INFO - Started process 6024 to run task
[2026-04-02T13:09:54.491+0000] {task_command.py:467} INFO - Running <TaskInstance: keycloak_setup.create_client__nutrients manual__2026-04-02T13:09:47.440193+00:00 [running]> on host 93ccef24966a
[2026-04-02T13:09:54.643+0000] {taskinstance.py:3131} INFO - Exporting env vars: AIRFLOW_CTX_DAG_OWNER='airflow' AIRFLOW_CTX_DAG_ID='keycloak_setup' AIRFLOW_CTX_TASK_ID='create_client__nutrients' AIRFLOW_CTX_EXECUTION_DATE='2026-04-02T13:09:47.440193+00:00' AIRFLOW_CTX_TRY_NUMBER='1' AIRFLOW_CTX_DAG_RUN_ID='manual__2026-04-02T13:09:47.440193+00:00'
[2026-04-02T13:09:54.644+0000] {taskinstance.py:731} INFO - ::endgroup::
[2026-04-02T13:09:54.786+0000] {crypto.py:82} WARNING - empty cryptography key - values will not be stored encrypted.
[2026-04-02T13:09:55.215+0000] {logging_mixin.py:190} INFO - Client 'nutrients-client' created in realm 'nutrients'.
[2026-04-02T13:09:55.216+0000] {python.py:240} INFO - Done. Returned value was: None
[2026-04-02T13:09:55.229+0000] {taskinstance.py:340} INFO - ::group::Post task execution logs
[2026-04-02T13:09:55.230+0000] {taskinstance.py:352} INFO - Marking task as SUCCESS. dag_id=keycloak_setup, task_id=create_client__nutrients, run_id=manual__2026-04-02T13:09:47.440193+00:00, execution_date=20260402T130947, start_date=20260402T130954, end_date=20260402T130955
[2026-04-02T13:09:55.297+0000] {local_task_job_runner.py:266} INFO - Task exited with return code 0
[2026-04-02T13:09:55.329+0000] {taskinstance.py:3900} INFO - 0 downstream tasks scheduled from follow-on schedule check
[2026-04-02T13:09:55.334+0000] {local_task_job_runner.py:245} INFO - ::endgroup::
