[2026-04-02T12:50:40.892+0000] {local_task_job_runner.py:123} INFO - ::group::Pre task execution logs
[2026-04-02T12:50:40.913+0000] {taskinstance.py:2612} INFO - Dependencies all met for dep_context=non-requeueable deps ti=<TaskInstance: keycloak_setup.create_realm__nutrients manual__2026-04-02T12:50:38.565798+00:00 [queued]>
[2026-04-02T12:50:40.922+0000] {taskinstance.py:2612} INFO - Dependencies all met for dep_context=requeueable deps ti=<TaskInstance: keycloak_setup.create_realm__nutrients manual__2026-04-02T12:50:38.565798+00:00 [queued]>
[2026-04-02T12:50:40.922+0000] {taskinstance.py:2865} INFO - Starting attempt 1 of 2
[2026-04-02T12:50:40.935+0000] {taskinstance.py:2888} INFO - Executing <Task(PythonOperator): create_realm__nutrients> on 2026-04-02 12:50:38.565798+00:00
[2026-04-02T12:50:40.947+0000] {logging_mixin.py:190} WARNING - /home/airflow/.local/lib/python3.12/site-packages/airflow/task/task_runner/standard_task_runner.py:70 DeprecationWarning: This process (pid=5555) is multi-threaded, use of fork() may lead to deadlocks in the child.
[2026-04-02T12:50:40.944+0000] {standard_task_runner.py:104} INFO - Running: ['airflow', 'tasks', 'run', 'keycloak_setup', 'create_realm__nutrients', 'manual__2026-04-02T12:50:38.565798+00:00', '--job-id', '10', '--raw', '--subdir', 'DAGS_FOLDER/keycloak/setup_keycloak.py', '--cfg-path', '/tmp/tmp60z9m31s']
[2026-04-02T12:50:40.948+0000] {standard_task_runner.py:72} INFO - Started process 5557 to run task
[2026-04-02T12:50:40.948+0000] {standard_task_runner.py:105} INFO - Job 10: Subtask create_realm__nutrients
[2026-04-02T12:50:41.013+0000] {task_command.py:467} INFO - Running <TaskInstance: keycloak_setup.create_realm__nutrients manual__2026-04-02T12:50:38.565798+00:00 [running]> on host 93ccef24966a
[2026-04-02T12:50:41.110+0000] {taskinstance.py:3131} INFO - Exporting env vars: AIRFLOW_CTX_DAG_OWNER='airflow' AIRFLOW_CTX_DAG_ID='keycloak_setup' AIRFLOW_CTX_TASK_ID='create_realm__nutrients' AIRFLOW_CTX_EXECUTION_DATE='2026-04-02T12:50:38.565798+00:00' AIRFLOW_CTX_TRY_NUMBER='1' AIRFLOW_CTX_DAG_RUN_ID='manual__2026-04-02T12:50:38.565798+00:00'
[2026-04-02T12:50:41.111+0000] {taskinstance.py:731} INFO - ::endgroup::
[2026-04-02T12:50:41.213+0000] {crypto.py:82} WARNING - empty cryptography key - values will not be stored encrypted.
[2026-04-02T12:50:44.496+0000] {logging_mixin.py:190} INFO - Realm 'nutrients' created.
[2026-04-02T12:50:44.498+0000] {python.py:240} INFO - Done. Returned value was: None
[2026-04-02T12:50:44.526+0000] {taskinstance.py:340} INFO - ::group::Post task execution logs
[2026-04-02T12:50:44.527+0000] {taskinstance.py:352} INFO - Marking task as SUCCESS. dag_id=keycloak_setup, task_id=create_realm__nutrients, run_id=manual__2026-04-02T12:50:38.565798+00:00, execution_date=20260402T125038, start_date=20260402T125040, end_date=20260402T125044
[2026-04-02T12:50:44.583+0000] {local_task_job_runner.py:266} INFO - Task exited with return code 0
[2026-04-02T12:50:44.648+0000] {taskinstance.py:3900} INFO - 3 downstream tasks scheduled from follow-on schedule check
[2026-04-02T12:50:44.652+0000] {local_task_job_runner.py:245} INFO - ::endgroup::
