[2026-04-02T12:50:54.548+0000] {local_task_job_runner.py:123} INFO - ::group::Pre task execution logs
[2026-04-02T12:50:54.572+0000] {taskinstance.py:2612} INFO - Dependencies all met for dep_context=non-requeueable deps ti=<TaskInstance: keycloak_setup.create_user__auth__suhacb manual__2026-04-02T12:50:38.565798+00:00 [queued]>
[2026-04-02T12:50:54.583+0000] {taskinstance.py:2612} INFO - Dependencies all met for dep_context=requeueable deps ti=<TaskInstance: keycloak_setup.create_user__auth__suhacb manual__2026-04-02T12:50:38.565798+00:00 [queued]>
[2026-04-02T12:50:54.583+0000] {taskinstance.py:2865} INFO - Starting attempt 1 of 2
[2026-04-02T12:50:54.602+0000] {taskinstance.py:2888} INFO - Executing <Task(PythonOperator): create_user__auth__suhacb> on 2026-04-02 12:50:38.565798+00:00
[2026-04-02T12:50:54.613+0000] {standard_task_runner.py:104} INFO - Running: ['airflow', 'tasks', 'run', 'keycloak_setup', 'create_user__auth__suhacb', 'manual__2026-04-02T12:50:38.565798+00:00', '--job-id', '18', '--raw', '--subdir', 'DAGS_FOLDER/keycloak/setup_keycloak.py', '--cfg-path', '/tmp/tmpdzs96zl_']
[2026-04-02T12:50:54.617+0000] {standard_task_runner.py:105} INFO - Job 18: Subtask create_user__auth__suhacb
[2026-04-02T12:50:54.621+0000] {logging_mixin.py:190} WARNING - /home/airflow/.local/lib/python3.12/site-packages/airflow/task/task_runner/standard_task_runner.py:70 DeprecationWarning: This process (pid=5579) is multi-threaded, use of fork() may lead to deadlocks in the child.
[2026-04-02T12:50:54.622+0000] {standard_task_runner.py:72} INFO - Started process 5584 to run task
[2026-04-02T12:50:54.695+0000] {task_command.py:467} INFO - Running <TaskInstance: keycloak_setup.create_user__auth__suhacb manual__2026-04-02T12:50:38.565798+00:00 [running]> on host 93ccef24966a
[2026-04-02T12:50:54.816+0000] {taskinstance.py:3131} INFO - Exporting env vars: AIRFLOW_CTX_DAG_OWNER='airflow' AIRFLOW_CTX_DAG_ID='keycloak_setup' AIRFLOW_CTX_TASK_ID='create_user__auth__suhacb' AIRFLOW_CTX_EXECUTION_DATE='2026-04-02T12:50:38.565798+00:00' AIRFLOW_CTX_TRY_NUMBER='1' AIRFLOW_CTX_DAG_RUN_ID='manual__2026-04-02T12:50:38.565798+00:00'
[2026-04-02T12:50:54.817+0000] {taskinstance.py:731} INFO - ::endgroup::
[2026-04-02T12:50:54.912+0000] {crypto.py:82} WARNING - empty cryptography key - values will not be stored encrypted.
[2026-04-02T12:50:55.153+0000] {logging_mixin.py:190} INFO - User 'suhacb' created in realm 'auth'.
[2026-04-02T12:50:55.154+0000] {python.py:240} INFO - Done. Returned value was: None
[2026-04-02T12:50:55.166+0000] {taskinstance.py:340} INFO - ::group::Post task execution logs
[2026-04-02T12:50:55.167+0000] {taskinstance.py:352} INFO - Marking task as SUCCESS. dag_id=keycloak_setup, task_id=create_user__auth__suhacb, run_id=manual__2026-04-02T12:50:38.565798+00:00, execution_date=20260402T125038, start_date=20260402T125054, end_date=20260402T125055
[2026-04-02T12:50:55.201+0000] {local_task_job_runner.py:266} INFO - Task exited with return code 0
[2026-04-02T12:50:55.223+0000] {taskinstance.py:3900} INFO - 0 downstream tasks scheduled from follow-on schedule check
[2026-04-02T12:50:55.226+0000] {local_task_job_runner.py:245} INFO - ::endgroup::
