[2026-04-02T14:09:51.435+0000] {local_task_job_runner.py:123} INFO - ::group::Pre task execution logs
[2026-04-02T14:09:51.456+0000] {taskinstance.py:2612} INFO - Dependencies all met for dep_context=non-requeueable deps ti=<TaskInstance: keycloak_setup.create_realm__auth manual__2026-04-02T14:09:49.414807+00:00 [queued]>
[2026-04-02T14:09:51.464+0000] {taskinstance.py:2612} INFO - Dependencies all met for dep_context=requeueable deps ti=<TaskInstance: keycloak_setup.create_realm__auth manual__2026-04-02T14:09:49.414807+00:00 [queued]>
[2026-04-02T14:09:51.465+0000] {taskinstance.py:2865} INFO - Starting attempt 1 of 2
[2026-04-02T14:09:51.479+0000] {taskinstance.py:2888} INFO - Executing <Task(PythonOperator): create_realm__auth> on 2026-04-02 14:09:49.414807+00:00
[2026-04-02T14:09:51.490+0000] {logging_mixin.py:190} WARNING - /home/airflow/.local/lib/python3.12/site-packages/airflow/task/task_runner/standard_task_runner.py:70 DeprecationWarning: This process (pid=7273) is multi-threaded, use of fork() may lead to deadlocks in the child.
[2026-04-02T14:09:51.491+0000] {standard_task_runner.py:72} INFO - Started process 7275 to run task
[2026-04-02T14:09:51.489+0000] {standard_task_runner.py:104} INFO - Running: ['airflow', 'tasks', 'run', 'keycloak_setup', 'create_realm__auth', 'manual__2026-04-02T14:09:49.414807+00:00', '--job-id', '54', '--raw', '--subdir', 'DAGS_FOLDER/keycloak/setup_keycloak.py', '--cfg-path', '/tmp/tmprzvtfgbp']
[2026-04-02T14:09:51.493+0000] {standard_task_runner.py:105} INFO - Job 54: Subtask create_realm__auth
[2026-04-02T14:09:51.557+0000] {task_command.py:467} INFO - Running <TaskInstance: keycloak_setup.create_realm__auth manual__2026-04-02T14:09:49.414807+00:00 [running]> on host 93ccef24966a
[2026-04-02T14:09:51.663+0000] {taskinstance.py:3131} INFO - Exporting env vars: AIRFLOW_CTX_DAG_OWNER='airflow' AIRFLOW_CTX_DAG_ID='keycloak_setup' AIRFLOW_CTX_TASK_ID='create_realm__auth' AIRFLOW_CTX_EXECUTION_DATE='2026-04-02T14:09:49.414807+00:00' AIRFLOW_CTX_TRY_NUMBER='1' AIRFLOW_CTX_DAG_RUN_ID='manual__2026-04-02T14:09:49.414807+00:00'
[2026-04-02T14:09:51.664+0000] {taskinstance.py:731} INFO - ::endgroup::
[2026-04-02T14:09:51.840+0000] {crypto.py:82} WARNING - empty cryptography key - values will not be stored encrypted.
[2026-04-02T14:09:54.566+0000] {logging_mixin.py:190} INFO - Realm 'auth' created.
[2026-04-02T14:09:54.567+0000] {python.py:240} INFO - Done. Returned value was: None
[2026-04-02T14:09:54.585+0000] {taskinstance.py:340} INFO - ::group::Post task execution logs
[2026-04-02T14:09:54.586+0000] {taskinstance.py:352} INFO - Marking task as SUCCESS. dag_id=keycloak_setup, task_id=create_realm__auth, run_id=manual__2026-04-02T14:09:49.414807+00:00, execution_date=20260402T140949, start_date=20260402T140951, end_date=20260402T140954
[2026-04-02T14:09:54.644+0000] {local_task_job_runner.py:266} INFO - Task exited with return code 0
[2026-04-02T14:09:54.686+0000] {taskinstance.py:3900} INFO - 3 downstream tasks scheduled from follow-on schedule check
[2026-04-02T14:09:54.689+0000] {local_task_job_runner.py:245} INFO - ::endgroup::
